Archive member included to satisfy reference by file (symbol)

C:/ST/STM32CubeIDE_1.19.0/STM32CubeIDE/plugins/com.st.stm32cube.ide.mcu.externaltools.gnu-tools-for-stm32.13.3.rel1.win32_1.0.0.202411081344/tools/bin/../lib/gcc/arm-none-eabi/13.3.1/../../../../arm-none-eabi/lib/thumb/v7-m/nofp\libc_nano.a(libc_a-exit.o)
                              C:/ST/STM32CubeIDE_1.19.0/STM32CubeIDE/plugins/com.st.stm32cube.ide.mcu.externaltools.gnu-tools-for-stm32.13.3.rel1.win32_1.0.0.202411081344/tools/bin/../lib/gcc/arm-none-eabi/13.3.1/../../../../arm-none-eabi/lib/thumb/v7-m/nofp/crt0.o (exit)
C:/ST/STM32CubeIDE_1.19.0/STM32CubeIDE/plugins/com.st.stm32cube.ide.mcu.externaltools.gnu-tools-for-stm32.13.3.rel1.win32_1.0.0.202411081344/tools/bin/../lib/gcc/arm-none-eabi/13.3.1/../../../../arm-none-eabi/lib/thumb/v7-m/nofp\libc_nano.a(libc_a-findfp.o)
                              C:/ST/STM32CubeIDE_1.19.0/STM32CubeIDE/plugins/com.st.stm32cube.ide.mcu.externaltools.gnu-tools-for-stm32.13.3.rel1.win32_1.0.0.202411081344/tools/bin/../lib/gcc/arm-none-eabi/13.3.1/../../../../arm-none-eabi/lib/thumb/v7-m/nofp\libc_nano.a(libc_a-exit.o) (__stdio_exit_handler)
C:/ST/STM32CubeIDE_1.19.0/STM32CubeIDE/plugins/com.st.stm32cube.ide.mcu.externaltools.gnu-tools-for-stm32.13.3.rel1.win32_1.0.0.202411081344/tools/bin/../lib/gcc/arm-none-eabi/13.3.1/../../../../arm-none-eabi/lib/thumb/v7-m/nofp\libc_nano.a(libc_a-fwalk.o)
                              C:/ST/STM32CubeIDE_1.19.0/STM32CubeIDE/plugins/com.st.stm32cube.ide.mcu.externaltools.gnu-tools-for-stm32.13.3.rel1.win32_1.0.0.202411081344/tools/bin/../lib/gcc/arm-none-eabi/13.3.1/../../../../arm-none-eabi/lib/thumb/v7-m/nofp\libc_nano.a(libc_a-findfp.o) (_fwalk_sglue)
C:/ST/STM32CubeIDE_1.19.0/STM32CubeIDE/plugins/com.st.stm32cube.ide.mcu.externaltools.gnu-tools-for-stm32.13.3.rel1.win32_1.0.0.202411081344/tools/bin/../lib/gcc/arm-none-eabi/13.3.1/../../../../arm-none-eabi/lib/thumb/v7-m/nofp\libc_nano.a(libc_a-stdio.o)
                              C:/ST/STM32CubeIDE_1.19.0/STM32CubeIDE/plugins/com.st.stm32cube.ide.mcu.externaltools.gnu-tools-for-stm32.13.3.rel1.win32_1.0.0.202411081344/tools/bin/../lib/gcc/arm-none-eabi/13.3.1/../../../../arm-none-eabi/lib/thumb/v7-m/nofp\libc_nano.a(libc_a-findfp.o) (__sread)
C:/ST/STM32CubeIDE_1.19.0/STM32CubeIDE/plugins/com.st.stm32cube.ide.mcu.externaltools.gnu-tools-for-stm32.13.3.rel1.win32_1.0.0.202411081344/tools/bin/../lib/gcc/arm-none-eabi/13.3.1/../../../../arm-none-eabi/lib/thumb/v7-m/nofp\libc_nano.a(libc_a-memset.o)
                              C:/ST/STM32CubeIDE_1.19.0/STM32CubeIDE/plugins/com.st.stm32cube.ide.mcu.externaltools.gnu-tools-for-stm32.13.3.rel1.win32_1.0.0.202411081344/tools/bin/../lib/gcc/arm-none-eabi/13.3.1/../../../../arm-none-eabi/lib/thumb/v7-m/nofp/crt0.o (memset)
C:/ST/STM32CubeIDE_1.19.0/STM32CubeIDE/plugins/com.st.stm32cube.ide.mcu.externaltools.gnu-tools-for-stm32.13.3.rel1.win32_1.0.0.202411081344/tools/bin/../lib/gcc/arm-none-eabi/13.3.1/../../../../arm-none-eabi/lib/thumb/v7-m/nofp\libc_nano.a(libc_a-strncpy.o)
                              ./Core/Src/lcd_pcd8544.o (strncpy)
C:/ST/STM32CubeIDE_1.19.0/STM32CubeIDE/plugins/com.st.stm32cube.ide.mcu.externaltools.gnu-tools-for-stm32.13.3.rel1.win32_1.0.0.202411081344/tools/bin/../lib/gcc/arm-none-eabi/13.3.1/../../../../arm-none-eabi/lib/thumb/v7-m/nofp\libc_nano.a(libc_a-closer.o)
                              C:/ST/STM32CubeIDE_1.19.0/STM32CubeIDE/plugins/com.st.stm32cube.ide.mcu.externaltools.gnu-tools-for-stm32.13.3.rel1.win32_1.0.0.202411081344/tools/bin/../lib/gcc/arm-none-eabi/13.3.1/../../../../arm-none-eabi/lib/thumb/v7-m/nofp\libc_nano.a(libc_a-stdio.o) (_close_r)
C:/ST/STM32CubeIDE_1.19.0/STM32CubeIDE/plugins/com.st.stm32cube.ide.mcu.externaltools.gnu-tools-for-stm32.13.3.rel1.win32_1.0.0.202411081344/tools/bin/../lib/gcc/arm-none-eabi/13.3.1/../../../../arm-none-eabi/lib/thumb/v7-m/nofp\libc_nano.a(libc_a-reent.o)
                              C:/ST/STM32CubeIDE_1.19.0/STM32CubeIDE/plugins/com.st.stm32cube.ide.mcu.externaltools.gnu-tools-for-stm32.13.3.rel1.win32_1.0.0.202411081344/tools/bin/../lib/gcc/arm-none-eabi/13.3.1/../../../../arm-none-eabi/lib/thumb/v7-m/nofp\libc_nano.a(libc_a-closer.o) (errno)
C:/ST/STM32CubeIDE_1.19.0/STM32CubeIDE/plugins/com.st.stm32cube.ide.mcu.externaltools.gnu-tools-for-stm32.13.3.rel1.win32_1.0.0.202411081344/tools/bin/../lib/gcc/arm-none-eabi/13.3.1/../../../../arm-none-eabi/lib/thumb/v7-m/nofp\libc_nano.a(libc_a-impure.o)
                              C:/ST/STM32CubeIDE_1.19.0/STM32CubeIDE/plugins/com.st.stm32cube.ide.mcu.externaltools.gnu-tools-for-stm32.13.3.rel1.win32_1.0.0.202411081344/tools/bin/../lib/gcc/arm-none-eabi/13.3.1/../../../../arm-none-eabi/lib/thumb/v7-m/nofp\libc_nano.a(libc_a-reent.o) (_impure_ptr)
[...]
Memory Configuration

Name             Origin             Length             Attributes
RAM              0x20000000         0x00005000         xrw
FLASH            0x08000000         0x00010000         xr
*default*        0x00000000         0xffffffff

Linker script and memory map

LOAD C:/ST/STM32CubeIDE_1.19.0/STM32CubeIDE/plugins/com.st.stm32cube.ide.mcu.externaltools.gnu-tools-for-stm32.13.3.rel1.win32_1.0.0.202411081344/tools/bin/../lib/gcc/arm-none-eabi/13.3.1/thumb/v7-m/nofp/crti.o
LOAD C:/ST/STM32CubeIDE_1.19.0/STM32CubeIDE/plugins/com.st.stm32cube.ide.mcu.externaltools.gnu-tools-for-stm32.13.3.rel1.win32_1.0.0.202411081344/tools/bin/../lib/gcc/arm-none-eabi/13.3.1/thumb/v7-m/nofp/crtbegin.o
LOAD C:/ST/STM32CubeIDE_1.19.0/STM32CubeIDE/plugins/com.st.stm32cube.ide.mcu.externaltools.gnu-tools-for-stm32.13.3.rel1.win32_1.0.0.202411081344/tools/bin/../lib/gcc/arm-none-eabi/13.3.1/../../../../arm-none-eabi/lib/thumb/v7-m/nofp/crt0.o
LOAD ./Core/Src/lcd_pcd8544.o
LOAD ./Core/Src/lcd_pcd8544_ll.o
LOAD ./Core/Src/main.o
LOAD ./Core/Src/nokia5110.o
LOAD ./Core/Src/stm32f1xx_hal_msp.o
LOAD ./Core/Src/stm32f1xx_it.o
LOAD ./Core/Src/syscalls.o
LOAD ./Core/Src/sysmem.o
LOAD ./Core/Src/system_stm32f1xx.o
LOAD ./Core/Startup/startup_stm32f103c8tx.o
LOAD ./Drivers/STM32F1xx_HAL_Driver/Src/stm32f1xx_hal.o
LOAD ./Drivers/STM32F1xx_HAL_Driver/Src/stm32f1xx_hal_cortex.o
LOAD ./Drivers/STM32F1xx_HAL_Driver/Src/stm32f1xx_hal_dma.o
LOAD ./Drivers/STM32F1xx_HAL_Driver/Src/stm32f1xx_hal_exti.o
LOAD ./Drivers/STM32F1xx_HAL_Driver/Src/stm32f1xx_hal_flash.o
LOAD ./Drivers/STM32F1xx_HAL_Driver/Src/stm32f1xx_hal_flash_ex.o
LOAD ./Drivers/STM32F1xx_HAL_Driver/Src/stm32f1xx_hal_gpio.o
LOAD ./Drivers/STM32F1xx_HAL_Driver/Src/stm32f1xx_hal_gpio_ex.o
LOAD ./Drivers/STM32F1xx_HAL_Driver/Src/stm32f1xx_hal_pwr.o
LOAD ./Drivers/STM32F1xx_HAL_Driver/Src/stm32f1xx_hal_rcc.o
LOAD ./Drivers/STM32F1xx_HAL_Driver/Src/stm32f1xx_hal_rcc_ex.o
LOAD ./Drivers/STM32F1xx_HAL_Driver/Src/stm32f1xx_hal_spi.o
START GROUP
LOAD C:/ST/STM32CubeIDE_1.19.0/STM32CubeIDE/plugins/com.st.stm32cube.ide.mcu.externaltools.gnu-tools-for-stm32.13.3.rel1.win32_1.0.0.202411081344/tools/bin/../lib/gcc/arm-none-eabi/13.3.1/../../../../arm-none-eabi/lib/thumb/v7-m/nofp\libc_nano.a
LOAD C:/ST/STM32CubeIDE_1.19.0/STM32CubeIDE/plugins/com.st.stm32cube.ide.mcu.externaltools.gnu-tools-for-stm32.13.3.rel1.win32_1.0.0.202411081344/tools/bin/../lib/gcc/arm-none-eabi/13.3.1/../../../../arm-none-eabi/lib/thumb/v7-m/nofp\libm.a
END GROUP
START GROUP
LOAD C:/ST/STM32CubeIDE_1.19.0/STM32CubeIDE/plugins/com.st.stm32cube.ide.mcu.externaltools.gnu-tools-for-stm32.13.3.rel1.win32_1.0.0.202411081344/tools/bin/../lib/gcc/arm-none-eabi/13.3.1/thumb/v7-m/nofp\libgcc.a
LOAD C:/ST/STM32CubeIDE_1.19.0/STM32CubeIDE/plugins/com.st.stm32cube.ide.mcu.externaltools.gnu-tools-for-stm32.13.3.rel1.win32_1.0.0.202411081344/tools/bin/../lib/gcc/arm-none-eabi/13.3.1/../../../../arm-none-eabi/lib/thumb/v7-m/nofp\libc_nano.a
END GROUP
START GROUP
LOAD C:/ST/STM32CubeIDE_1.19.0/STM32CubeIDE/plugins/com.st.stm32cube.ide.mcu.externaltools.gnu-tools-for-stm32.13.3.rel1.win32_1.0.0.202411081344/tools/bin/../lib/gcc/arm-none-eabi/13.3.1/thumb/v7-m/nofp\libgcc.a
LOAD C:/ST/STM32CubeIDE_1.19.0/STM32CubeIDE/plugins/com.st.stm32cube.ide.mcu.externaltools.gnu-tools-for-stm32.13.3.rel1.win32_1.0.0.202411081344/tools/bin/../lib/gcc/arm-none-eabi/13.3.1/../../../../arm-none-eabi/lib/thumb/v7-m/nofp\libc_nano.a
LOAD C:/ST/STM32CubeIDE_1.19.0/STM32CubeIDE/plugins/com.st.stm32cube.ide.mcu.externaltools.gnu-tools-for-stm32.13.3.rel1.win32_1.0.0.202411081344/tools/bin/../lib/gcc/arm-none-eabi/13.3.1/../../../../arm-none-eabi/lib/thumb/v7-m/nofp\libnosys.a
END GROUP
START GROUP
LOAD C:/ST/STM32CubeIDE_1.19.0/STM32CubeIDE/plugins/com.st.stm32cube.ide.mcu.externaltools.gnu-tools-for-stm32.13.3.rel1.win32_1.0.0.202411081344/tools/bin/../lib/gcc/arm-none-eabi/13.3.1/thumb/v7-m/nofp\libgcc.a
LOAD C:/ST/STM32CubeIDE_1.19.0/STM32CubeIDE/plugins/com.st.stm32cube.ide.mcu.externaltools.gnu-tools-for-stm32.13.3.rel1.win32_1.0.0.202411081344/tools/bin/../lib/gcc/arm-none-eabi/13.3.1/../../../../arm-none-eabi/lib/thumb/v7-m/nofp\libc_nano.a
LOAD C:/ST/STM32CubeIDE_1.19.0/STM32CubeIDE/plugins/com.st.stm32cube.ide.mcu.externaltools.gnu-tools-for-stm32.13.3.rel1.win32_1.0.0.202411081344/tools/bin/../lib/gcc/arm-none-eabi/13.3.1/../../../../arm-none-eabi/lib/thumb/v7-m/nofp\libnosys.a
END GROUP
LOAD C:/ST/STM32CubeIDE_1.19.0/STM32CubeIDE/plugins/com.st.stm32cube.ide.mcu.externaltools.gnu-tools-for-stm32.13.3.rel1.win32_1.0.0.202411081344/tools/bin/../lib/gcc/arm-none-eabi/13.3.1/thumb/v7-m/nofp/crtend.o
LOAD C:/ST/STM32CubeIDE_1.19.0/STM32CubeIDE/plugins/com.st.stm32cube.ide.mcu.externaltools.gnu-tools-for-stm32.13.3.rel1.win32_1.0.0.202411081344/tools/bin/../lib/gcc/arm-none-eabi/13.3.1/thumb/v7-m/nofp/crtn.o
                0x20005000                        _estack = (ORIGIN (RAM) + LENGTH (RAM))
                0x00000200                        _Min_Heap_Size = 0x200
                0x00000400                        _Min_Stack_Size = 0x400

.isr_vector     0x08000000      0x10c
                0x08000000                        . = ALIGN (0x4)
 *(.isr_vector)
 .isr_vector    0x08000000      0x10c ./Core/Startup/startup_stm32f103c8tx.o
                0x08000000                g_pfnVectors
                0x0800010c                        . = ALIGN (0x4)

.text           0x0800010c     0x1c24
                0x0800010c                        . = ALIGN (0x4)
 *(.text)
 .text          0x0800010c       0x40 C:/ST/STM32CubeIDE_1.19.0/STM32CubeIDE/plugins/com.st.stm32cube.ide.mcu.externaltools.gnu-tools-for-stm32.13.3.rel1.win32_1.0.0.202411081344/tools/bin/../lib/gcc/arm-none-eabi/13.3.1/thumb/v7-m/nofp/crtbegin.o
 .text          0x0800014c       0x10 C:/ST/STM32CubeIDE_1.19.0/STM32CubeIDE/plugins/com.st.stm32cube.ide.mcu.externaltools.gnu-tools-for-stm32.13.3.rel1.win32_1.0.0.202411081344/tools/bin/../lib/gcc/arm-none-eabi/13.3.1/../../../../arm-none-eabi/lib/thumb/v7-m/nofp\libc_nano.a(libc_a-strlen.o)
                0x0800014c                strlen
 *(.text*)
 .text.LCD_PCD8544_init
                0x0800015c       0x8c ./Core/Src/lcd_pcd8544.o
                0x0800015c                LCD_PCD8544_init
 .text.LCD_PCD8544_write_bytes
                0x080001e8       0x7a ./Core/Src/lcd_pcd8544.o
                0x080001e8                LCD_PCD8544_write_bytes
 *fill*         0x08000262        0x2 
 .text.LCD_PCD8544_clear_ram
                0x08000264       0x28 ./Core/Src/lcd_pcd8544.o
                0x08000264                LCD_PCD8544_clear_ram
 .text.LCD_PCD8544_write_line
                0x0800028c       0xc4 ./Core/Src/lcd_pcd8544.o
                0x0800028c                LCD_PCD8544_write_line
 .text.LCD_PCD8544_LL_send_data
                0x08000350       0x40 ./Core/Src/lcd_pcd8544_ll.o
                0x08000350                LCD_PCD8544_LL_send_data
 .text.LCD_PCD8544_LL_send_byte
                0x08000390       0x26 ./Core/Src/lcd_pcd8544_ll.o
                0x08000390                LCD_PCD8544_LL_send_byte
 .text.LCD_PCD8544_LL_set_function_set
                0x080003b6       0x64 ./Core/Src/lcd_pcd8544_ll.o
                0x080003b6                LCD_PCD8544_LL_set_function_set
 .text.LCD_PCD8544_LL_set_display_control
                0x0800041a       0x48 ./Core/Src/lcd_pcd8544_ll.o
                0x0800041a                LCD_PCD8544_LL_set_display_control
 .text.LCD_PCD8544_LL_set_YX_address_of_RAM
                0x08000462       0x46 ./Core/Src/lcd_pcd8544_ll.o
                0x08000462                LCD_PCD8544_LL_set_YX_address_of_RAM
 .text.LCD_PCD8544_LL_set_temperature_control
                0x080004a8       0x32 ./Core/Src/lcd_pcd8544_ll.o
                0x080004a8                LCD_PCD8544_LL_set_temperature_control
 .text.LCD_PCD8544_LL_set_bias_system
                0x080004da       0x32 ./Core/Src/lcd_pcd8544_ll.o
                0x080004da                LCD_PCD8544_LL_set_bias_system
 .text.LCD_PCD8544_LL_set_VOP
                0x0800050c       0x28 ./Core/Src/lcd_pcd8544_ll.o
                0x0800050c                LCD_PCD8544_LL_set_VOP
 .text.LCD_PCD8544_LL_reset
                0x08000534       0x36 ./Core/Src/lcd_pcd8544_ll.o
                0x08000534                LCD_PCD8544_LL_reset
 .text.LCD_PCD8544_LL_switch_to_commands_mode
                0x0800056a       0x20 ./Core/Src/lcd_pcd8544_ll.o
                0x0800056a                LCD_PCD8544_LL_switch_to_commands_mode
 .text.LCD_PCD8544_LL_switch_to_data_mode
                0x0800058a       0x20 ./Core/Src/lcd_pcd8544_ll.o
                0x0800058a                LCD_PCD8544_LL_switch_to_data_mode
 .text.LCD_PCD8544_LL_begin_data_transfer
                0x080005aa       0x20 ./Core/Src/lcd_pcd8544_ll.o
                0x080005aa                LCD_PCD8544_LL_begin_data_transfer
 .text.LCD_PCD8544_LL_end_data_transfer
                0x080005ca       0x20 ./Core/Src/lcd_pcd8544_ll.o
                0x080005ca                LCD_PCD8544_LL_end_data_transfer
 *fill*         0x080005ea        0x2 
 .text.main     0x080005ec       0xb0 ./Core/Src/main.o
                0x080005ec                main
 .text.SystemClock_Config
                0x0800069c       0x76 ./Core/Src/main.o
                0x0800069c                SystemClock_Config
 *fill*         0x08000712        0x2 
 .text.MX_SPI1_Init
                0x08000714       0x6c ./Core/Src/main.o
 .text.MX_GPIO_Init
                0x08000780       0xa4 ./Core/Src/main.o
 .text.Error_Handler
                0x08000824        0xc ./Core/Src/main.o
                0x08000824                Error_Handler
 .text.HAL_MspInit
                0x08000830       0x64 ./Core/Src/stm32f1xx_hal_msp.o
                0x08000830                HAL_MspInit
 .text.HAL_SPI_MspInit
                0x08000894       0x94 ./Core/Src/stm32f1xx_hal_msp.o
                0x08000894                HAL_SPI_MspInit
 .text.NMI_Handler
                0x08000928        0x8 ./Core/Src/stm32f1xx_it.o
                0x08000928                NMI_Handler
 .text.HardFault_Handler
                0x08000930        0x8 ./Core/Src/stm32f1xx_it.o
                0x08000930                HardFault_Handler
 .text.MemManage_Handler
                0x08000938        0x8 ./Core/Src/stm32f1xx_it.o
                0x08000938                MemManage_Handler
 .text.BusFault_Handler
                0x08000940        0x8 ./Core/Src/stm32f1xx_it.o
                0x08000940                BusFault_Handler
 .text.UsageFault_Handler
                0x08000948        0x8 ./Core/Src/stm32f1xx_it.o
                0x08000948                UsageFault_Handler
 .text.SVC_Handler
                0x08000950        0xc ./Core/Src/stm32f1xx_it.o
                0x08000950                SVC_Handler
 .text.DebugMon_Handler
                0x0800095c        0xc ./Core/Src/stm32f1xx_it.o
                0x0800095c                DebugMon_Handler
 .text.PendSV_Handler
                0x08000968        0xc ./Core/Src/stm32f1xx_it.o
                0x08000968                PendSV_Handler
 .text.SysTick_Handler
                0x08000974        0xc ./Core/Src/stm32f1xx_it.o
                0x08000974                SysTick_Handler
 .text.SystemInit
                0x08000980        0xc ./Core/Src/system_stm32f1xx.o
                0x08000980                SystemInit
 .text.Reset_Handler
                0x0800098c       0x48 ./Core/Startup/startup_stm32f103c8tx.o
                0x0800098c                Reset_Handler
 .text.Default_Handler
                0x080009d4        0x2 ./Core/Startup/startup_stm32f103c8tx.o
                0x080009d4                RTC_Alarm_IRQHandler
                0x080009d4                EXTI2_IRQHandler
                0x080009d4                TIM1_CC_IRQHandler
                0x080009d4                PVD_IRQHandler
                0x080009d4                EXTI3_IRQHandler
                0x080009d4                EXTI0_IRQHandler
                0x080009d4                I2C2_EV_IRQHandler
                0x080009d4                ADC1_2_IRQHandler
                0x080009d4                SPI1_IRQHandler
                0x080009d4                TAMPER_IRQHandler
                0x080009d4                DMA1_Channel4_IRQHandler
                0x080009d4                USART3_IRQHandler
                0x080009d4                RTC_IRQHandler
                0x080009d4                DMA1_Channel7_IRQHandler
                0x080009d4                CAN1_RX1_IRQHandler
                0x080009d4                TIM4_IRQHandler
                0x080009d4                I2C1_EV_IRQHandler
                0x080009d4                DMA1_Channel6_IRQHandler
                0x080009d4                TIM3_IRQHandler
                0x080009d4                RCC_IRQHandler
                0x080009d4                TIM1_TRG_COM_IRQHandler
                0x080009d4                DMA1_Channel1_IRQHandler
                0x080009d4                Default_Handler
                0x080009d4                EXTI15_10_IRQHandler
                0x080009d4                EXTI9_5_IRQHandler
                0x080009d4                SPI2_IRQHandler
                0x080009d4                DMA1_Channel5_IRQHandler
                0x080009d4                EXTI4_IRQHandler
                0x080009d4                USB_LP_CAN1_RX0_IRQHandler
                0x080009d4                USB_HP_CAN1_TX_IRQHandler
                0x080009d4                DMA1_Channel3_IRQHandler
                0x080009d4                TIM1_UP_IRQHandler
                0x080009d4                WWDG_IRQHandler
                0x080009d4                TIM2_IRQHandler
                0x080009d4                TIM1_BRK_IRQHandler
                0x080009d4                EXTI1_IRQHandler
                0x080009d4                USART2_IRQHandler
                0x080009d4                I2C2_ER_IRQHandler
                0x080009d4                DMA1_Channel2_IRQHandler
                0x080009d4                CAN1_SCE_IRQHandler
                0x080009d4                FLASH_IRQHandler
                0x080009d4                USART1_IRQHandler
                0x080009d4                I2C1_ER_IRQHandler
                0x080009d4                USBWakeUp_IRQHandler
 *fill*         0x080009d6        0x2 
 .text.HAL_Init
                0x080009d8       0x2c ./Drivers/STM32F1xx_HAL_Driver/Src/stm32f1xx_hal.o
                0x080009d8                HAL_Init
 .text.HAL_InitTick
                0x08000a04       0x60 ./Drivers/STM32F1xx_HAL_Driver/Src/stm32f1xx_hal.o
                0x08000a04                HAL_InitTick
 .text.HAL_IncTick
                0x08000a64       0x24 ./Drivers/STM32F1xx_HAL_Driver/Src/stm32f1xx_hal.o
                0x08000a64                HAL_IncTick
 .text.HAL_GetTick
                0x08000a88       0x14 ./Drivers/STM32F1xx_HAL_Driver/Src/stm32f1xx_hal.o
                0x08000a88                HAL_GetTick
 .text.HAL_Delay
                0x08000a9c       0x48 ./Drivers/STM32F1xx_HAL_Driver/Src/stm32f1xx_hal.o
                0x08000a9c                HAL_Delay
 .text.__NVIC_SetPriorityGrouping
                0x08000ae4       0x48 ./Drivers/STM32F1xx_HAL_Driver/Src/stm32f1xx_hal_cortex.o
 .text.__NVIC_GetPriorityGrouping
                0x08000b2c       0x1c ./Drivers/STM32F1xx_HAL_Driver/Src/stm32f1xx_hal_cortex.o
 .text.__NVIC_SetPriority
                0x08000b48       0x54 ./Drivers/STM32F1xx_HAL_Driver/Src/stm32f1xx_hal_cortex.o
 .text.NVIC_EncodePriority
                0x08000b9c       0x64 ./Drivers/STM32F1xx_HAL_Driver/Src/stm32f1xx_hal_cortex.o
 .text.SysTick_Config
                0x08000c00       0x44 ./Drivers/STM32F1xx_HAL_Driver/Src/stm32f1xx_hal_cortex.o
 .text.HAL_NVIC_SetPriorityGrouping
                0x08000c44       0x16 ./Drivers/STM32F1xx_HAL_Driver/Src/stm32f1xx_hal_cortex.o
                0x08000c44                HAL_NVIC_SetPriorityGrouping
 .text.HAL_NVIC_SetPriority
                0x08000c5a       0x38 ./Drivers/STM32F1xx_HAL_Driver/Src/stm32f1xx_hal_cortex.o
                0x08000c5a                HAL_NVIC_SetPriority
 .text.HAL_SYSTICK_Config
                0x08000c92       0x18 ./Drivers/STM32F1xx_HAL_Driver/Src/stm32f1xx_hal_cortex.o
                0x08000c92                HAL_SYSTICK_Config
 *fill*         0x08000caa        0x2 
 .text.HAL_GPIO_Init
                0x08000cac      0x308 ./Drivers/STM32F1xx_HAL_Driver/Src/stm32f1xx_hal_gpio.o
                0x08000cac                HAL_GPIO_Init
 .text.HAL_GPIO_WritePin
                0x08000fb4       0x30 ./Drivers/STM32F1xx_HAL_Driver/Src/stm32f1xx_hal_gpio.o
                0x08000fb4                HAL_GPIO_WritePin
 .text.HAL_RCC_OscConfig
                0x08000fe4      0x504 ./Drivers/STM32F1xx_HAL_Driver/Src/stm32f1xx_hal_rcc.o
                0x08000fe4                HAL_RCC_OscConfig
 .text.HAL_RCC_ClockConfig
                0x080014e8      0x1d4 ./Drivers/STM32F1xx_HAL_Driver/Src/stm32f1xx_hal_rcc.o
                0x080014e8                HAL_RCC_ClockConfig
 .text.HAL_RCC_GetSysClockFreq
                0x080016bc       0xa8 ./Drivers/STM32F1xx_HAL_Driver/Src/stm32f1xx_hal_rcc.o
                0x080016bc                HAL_RCC_GetSysClockFreq
 .text.RCC_Delay
                0x08001764       0x3c ./Drivers/STM32F1xx_HAL_Driver/Src/stm32f1xx_hal_rcc.o
 .text.HAL_SPI_Init
                0x080017a0      0x108 ./Drivers/STM32F1xx_HAL_Driver/Src/stm32f1xx_hal_spi.o
                0x080017a0                HAL_SPI_Init
 .text.HAL_SPI_Transmit
                0x080018a8      0x288 ./Drivers/STM32F1xx_HAL_Driver/Src/stm32f1xx_hal_spi.o
                0x080018a8                HAL_SPI_Transmit
 .text.SPI_WaitFlagStateUntilTimeout
                0x08001b30      0x110 ./Drivers/STM32F1xx_HAL_Driver/Src/stm32f1xx_hal_spi.o
 .text.SPI_EndRxTxTransaction
                0x08001c40       0x62 ./Drivers/STM32F1xx_HAL_Driver/Src/stm32f1xx_hal_spi.o
 .text.memset   0x08001ca2       0x10 C:/ST/STM32CubeIDE_1.19.0/STM32CubeIDE/plugins/com.st.stm32cube.ide.mcu.externaltools.gnu-tools-for-stm32.13.3.rel1.win32_1.0.0.202411081344/tools/bin/../lib/gcc/arm-none-eabi/13.3.1/../../../../arm-none-eabi/lib/thumb/v7-m/nofp\libc_nano.a(libc_a-memset.o)
                0x08001ca2                memset
 *fill*         0x08001cb2        0x2 
 .text.__libc_init_array
                0x08001cb4       0x48 C:/ST/STM32CubeIDE_1.19.0/STM32CubeIDE/plugins/com.st.stm32cube.ide.mcu.externaltools.gnu-tools-for-stm32.13.3.rel1.win32_1.0.0.202411081344/tools/bin/../lib/gcc/arm-none-eabi/13.3.1/../../../../arm-none-eabi/lib/thumb/v7-m/nofp\libc_nano.a(libc_a-init.o)
                0x08001cb4                __libc_init_array
 .text.memcpy   0x08001cfc       0x1c C:/ST/STM32CubeIDE_1.19.0/STM32CubeIDE/plugins/com.st.stm32cube.ide.mcu.externaltools.gnu-tools-for-stm32.13.3.rel1.win32_1.0.0.202411081344/tools/bin/../lib/gcc/arm-none-eabi/13.3.1/../../../../arm-none-eabi/lib/thumb/v7-m/nofp\libc_nano.a(libc_a-memcpy-stub.o)
                0x08001cfc                memcpy
 *(.glue_7)
 .glue_7        0x08001d18        0x0 linker stubs
 *(.glue_7t)
 .glue_7t       0x08001d18        0x0 linker stubs
 *(.eh_frame)
 .eh_frame      0x08001d18        0x0 C:/ST/STM32CubeIDE_1.19.0/STM32CubeIDE/plugins/com.st.stm32cube.ide.mcu.externaltools.gnu-tools-for-stm32.13.3.rel1.win32_1.0.0.202411081344/tools/bin/../lib/gcc/arm-none-eabi/13.3.1/thumb/v7-m/nofp/crtbegin.o
 *(.init)
 .init          0x08001d18        0x4 C:/ST/STM32CubeIDE_1.19.0/STM32CubeIDE/plugins/com.st.stm32cube.ide.mcu.externaltools.gnu-tools-for-stm32.13.3.rel1.win32_1.0.0.202411081344/tools/bin/../lib/gcc/arm-none-eabi/13.3.1/thumb/v7-m/nofp/crti.o
                0x08001d18                _init
 .init          0x08001d1c        0x8 C:/ST/STM32CubeIDE_1.19.0/STM32CubeIDE/plugins/com.st.stm32cube.ide.mcu.externaltools.gnu-tools-for-stm32.13.3.rel1.win32_1.0.0.202411081344/tools/bin/../lib/gcc/arm-none-eabi/13.3.1/thumb/v7-m/nofp/crtn.o
 *(.fini)
 .fini          0x08001d24        0x4 C:/ST/STM32CubeIDE_1.19.0/STM32CubeIDE/plugins/com.st.stm32cube.ide.mcu.externaltools.gnu-tools-for-stm32.13.3.rel1.win32_1.0.0.202411081344/tools/bin/../lib/gcc/arm-none-eabi/13.3.1/thumb/v7-m/nofp/crti.o
                0x08001d24                _fini
 .fini          0x08001d28        0x8 C:/ST/STM32CubeIDE_1.19.0/STM32CubeIDE/plugins/com.st.stm32cube.ide.mcu.externaltools.gnu-tools-for-stm32.13.3.rel1.win32_1.0.0.202411081344/tools/bin/../lib/gcc/arm-none-eabi/13.3.1/thumb/v7-m/nofp/crtn.o
                0x08001d30                        . = ALIGN (0x4)
                0x08001d30                        _etext = .

.vfp11_veneer   0x08001d30        0x0
 .vfp11_veneer  0x08001d30        0x0 linker stubs

.v4_bx          0x08001d30        0x0
 .v4_bx         0x08001d30        0x0 linker stubs

.iplt           0x08001d30        0x0
 .iplt          0x08001d30        0x0 C:/ST/STM32CubeIDE_1.19.0/STM32CubeIDE/plugins/com.st.stm32cube.ide.mcu.externaltools.gnu-tools-for-stm32.13.3.rel1.win32_1.0.0.202411081344/tools/bin/../lib/gcc/arm-none-eabi/13.3.1/thumb/v7-m/nofp/crtbegin.o

.rodata         0x08001d30      0x648
                0x08001d30                        . = ALIGN (0x4)
 *(.rodata)
 .rodata        0x08001d30       0x17 ./Core/Src/main.o
 *(.rodata*)
 *fill*         0x08001d47        0x1 
 .rodata.gFont6x8
                0x08001d48      0x60c ./Core/Src/lcd_pcd8544.o
 .rodata.AHBPrescTable
                0x08002354       0x10 ./Core/Src/system_stm32f1xx.o
                0x08002354                AHBPrescTable
 .rodata.aPLLMULFactorTable.1
                0x08002364       0x10 ./Drivers/STM32F1xx_HAL_Driver/Src/stm32f1xx_hal_rcc.o
 .rodata.aPredivFactorTable.0
                0x08002374        0x2 ./Drivers/STM32F1xx_HAL_Driver/Src/stm32f1xx_hal_rcc.o
                0x08002378                        . = ALIGN (0x4)
 *fill*         0x08002376        0x2 

.ARM.extab      0x08002378        0x0
                0x08002378                        . = ALIGN (0x4)
 *(.ARM.extab* .gnu.linkonce.armextab.*)
                0x08002378                        . = ALIGN (0x4)

.ARM            0x08002378        0x8
                0x08002378                        . = ALIGN (0x4)
                0x08002378                        __exidx_start = .
 *(.ARM.exidx*)
 .ARM.exidx     0x08002378        0x8 C:/ST/STM32CubeIDE_1.19.0/STM32CubeIDE/plugins/com.st.stm32cube.ide.mcu.externaltools.gnu-tools-for-stm32.13.3.rel1.win32_1.0.0.202411081344/tools/bin/../lib/gcc/arm-none-eabi/13.3.1/../../../../arm-none-eabi/lib/thumb/v7-m/nofp\libc_nano.a(libc_a-strlen.o)
                0x08002380                        __exidx_end = .
                0x08002380                        . = ALIGN (0x4)

.preinit_array  0x08002380        0x0
                0x08002380                        . = ALIGN (0x4)
                0x08002380                        PROVIDE (__preinit_array_start = .)
 *(.preinit_array*)
                0x08002380                        PROVIDE (__preinit_array_end = .)
                0x08002380                        . = ALIGN (0x4)

.init_array     0x08002380        0x4
                0x08002380                        . = ALIGN (0x4)
                0x08002380                        PROVIDE (__init_array_start = .)
 *(SORT_BY_NAME(.init_array.*))
 *(.init_array*)
 .init_array    0x08002380        0x4 C:/ST/STM32CubeIDE_1.19.0/STM32CubeIDE/plugins/com.st.stm32cube.ide.mcu.externaltools.gnu-tools-for-stm32.13.3.rel1.win32_1.0.0.202411081344/tools/bin/../lib/gcc/arm-none-eabi/13.3.1/thumb/v7-m/nofp/crtbegin.o
                0x08002384                        PROVIDE (__init_array_end = .)
                0x08002384                        . = ALIGN (0x4)

.fini_array     0x08002384        0x4
                0x08002384                        . = ALIGN (0x4)
                [!provide]                        PROVIDE (__fini_array_start = .)
 *(SORT_BY_NAME(.fini_array.*))
 *(.fini_array*)
 .fini_array    0x08002384        0x4 C:/ST/STM32CubeIDE_1.19.0/STM32CubeIDE/plugins/com.st.stm32cube.ide.mcu.externaltools.gnu-tools-for-stm32.13.3.rel1.win32_1.0.0.202411081344/tools/bin/../lib/gcc/arm-none-eabi/13.3.1/thumb/v7-m/nofp/crtbegin.o
                [!provide]                        PROVIDE (__fini_array_end = .)
                0x08002388                        . = ALIGN (0x4)
                0x08002388                        _sidata = LOADADDR (.data)

.rel.dyn        0x08002388        0x0
 .rel.iplt      0x08002388        0x0 C:/ST/STM32CubeIDE_1.19.0/STM32CubeIDE/plugins/com.st.stm32cube.ide.mcu.externaltools.gnu-tools-for-stm32.13.3.rel1.win32_1.0.0.202411081344/tools/bin/../lib/gcc/arm-none-eabi/13.3.1/thumb/v7-m/nofp/crtbegin.o

.data           0x20000000        0xc load address 0x08002388
                0x20000000                        . = ALIGN (0x4)
                0x20000000                        _sdata = .
 *(.data)
 *(.data*)
 .data.SystemCoreClock
                0x20000000        0x4 ./Core/Src/system_stm32f1xx.o
                0x20000000                SystemCoreClock
 .data.uwTickPrio
                0x20000004        0x4 ./Drivers/STM32F1xx_HAL_Driver/Src/stm32f1xx_hal.o
                0x20000004                uwTickPrio
 .data.uwTickFreq
                0x20000008        0x1 ./Drivers/STM32F1xx_HAL_Driver/Src/stm32f1xx_hal.o
                0x20000008                uwTickFreq
 *(.RamFunc)
 *(.RamFunc*)
                0x2000000c                        . = ALIGN (0x4)
 *fill*         0x20000009        0x3 
                0x2000000c                        _edata = .

.igot.plt       0x2000000c        0x0 load address 0x08002394
 .igot.plt      0x2000000c        0x0 C:/ST/STM32CubeIDE_1.19.0/STM32CubeIDE/plugins/com.st.stm32cube.ide.mcu.externaltools.gnu-tools-for-stm32.13.3.rel1.win32_1.0.0.202411081344/tools/bin/../lib/gcc/arm-none-eabi/13.3.1/thumb/v7-m/nofp/crtbegin.o
                0x2000000c                        . = ALIGN (0x4)

.bss            0x2000000c      0x49c load address 0x08002394
                0x2000000c                        _sbss = .
                0x2000000c                        __bss_start__ = _sbss
 *(.bss)
 .bss           0x2000000c       0x1c C:/ST/STM32CubeIDE_1.19.0/STM32CubeIDE/plugins/com.st.stm32cube.ide.mcu.externaltools.gnu-tools-for-stm32.13.3.rel1.win32_1.0.0.202411081344/tools/bin/../lib/gcc/arm-none-eabi/13.3.1/thumb/v7-m/nofp/crtbegin.o
 *(.bss*)
 .bss.gZeroArray
                0x20000028      0x1f8 ./Core/Src/lcd_pcd8544.o
 .bss.gLcdScreen
                0x20000220      0x22c ./Core/Src/lcd_pcd8544.o
                0x20000220                gLcdScreen
 .bss.hspi1     0x2000044c       0x58 ./Core/Src/main.o
                0x2000044c                hspi1
 .bss.uwTick    0x200004a4        0x4 ./Drivers/STM32F1xx_HAL_Driver/Src/stm32f1xx_hal.o
                0x200004a4                uwTick
 *(COMMON)
                0x200004a8                        . = ALIGN (0x4)
                0x200004a8                        _ebss = .
                0x200004a8                        __bss_end__ = _ebss

._user_heap_stack
                0x200004a8      0x600 load address 0x08002394
                0x200004a8                        . = ALIGN (0x8)
                [!provide]                        PROVIDE (end = .)
                0x200004a8                        PROVIDE (_end = .)
                0x200006a8                        . = (. + _Min_Heap_Size)
 *fill*         0x200004a8      0x200 
                0x20000aa8                        . = (. + _Min_Stack_Size)
 *fill*         0x200006a8      0x400 
                0x20000aa8                        . = ALIGN (0x8)

/DISCARD/
 libc.a(*)
 libm.a(*)
 libgcc.a(*)

.ARM.attributes
                0x00000000       0x29
 *(.ARM.attributes)
 .ARM.attributes
                0x00000000       0x1d C:/ST/STM32CubeIDE_1.19.0/STM32CubeIDE/plugins/com.st.stm32cube.ide.mcu.externaltools.gnu-tools-for-stm32.13.3.rel1.win32_1.0.0.202411081344/tools/bin/../lib/gcc/arm-none-eabi/13.3.1/thumb/v7-m/nofp/crti.o
 .ARM.attributes
                0x0000001d       0x2d C:/ST/STM32CubeIDE_1.19.0/STM32CubeIDE/plugins/com.st.stm32cube.ide.mcu.externaltools.gnu-tools-for-stm32.13.3.rel1.win32_1.0.0.202411081344/tools/bin/../lib/gcc/arm-none-eabi/13.3.1/thumb/v7-m/nofp/crtbegin.o
 .ARM.attributes
                0x0000004a       0x2d ./Core/Src/lcd_pcd8544.o
 .ARM.attributes
                0x00000077       0x2d ./Core/Src/lcd_pcd8544_ll.o
 .ARM.attributes
                0x000000a4       0x2d ./Core/Src/main.o
 .ARM.attributes
                0x000000d1       0x2d ./Core/Src/stm32f1xx_hal_msp.o
 .ARM.attributes
                0x000000fe       0x2d ./Core/Src/stm32f1xx_it.o
 .ARM.attributes
                0x0000012b       0x2d ./Core/Src/system_stm32f1xx.o
 .ARM.attributes
                0x00000158       0x21 ./Core/Startup/startup_stm32f103c8tx.o
 .ARM.attributes
                0x00000179       0x2d ./Drivers/STM32F1xx_HAL_Driver/Src/stm32f1xx_hal.o
 .ARM.attributes
                0x000001a6       0x2d ./Drivers/STM32F1xx_HAL_Driver/Src/stm32f1xx_hal_cortex.o
 .ARM.attributes
                0x000001d3       0x2d ./Drivers/STM32F1xx_HAL_Driver/Src/stm32f1xx_hal_gpio.o
 .ARM.attributes
                0x00000200       0x2d ./Drivers/STM32F1xx_HAL_Driver/Src/stm32f1xx_hal_rcc.o
 .ARM.attributes
                0x0000022d       0x2d ./Drivers/STM32F1xx_HAL_Driver/Src/stm32f1xx_hal_spi.o
 .ARM.attributes
                0x0000025a       0x2d C:/ST/STM32CubeIDE_1.19.0/STM32CubeIDE/plugins/com.st.stm32cube.ide.mcu.externaltools.gnu-tools-for-stm32.13.3.rel1.win32_1.0.0.202411081344/tools/bin/../lib/gcc/arm-none-eabi/13.3.1/../../../../arm-none-eabi/lib/thumb/v7-m/nofp\libc_nano.a(libc_a-memset.o)
 .ARM.attributes
                0x00000287       0x2d C:/ST/STM32CubeIDE_1.19.0/STM32CubeIDE/plugins/com.st.stm32cube.ide.mcu.externaltools.gnu-tools-for-stm32.13.3.rel1.win32_1.0.0.202411081344/tools/bin/../lib/gcc/arm-none-eabi/13.3.1/../../../../arm-none-eabi/lib/thumb/v7-m/nofp\libc_nano.a(libc_a-init.o)
 .ARM.attributes
                0x000002b4       0x2d C:/ST/STM32CubeIDE_1.19.0/STM32CubeIDE/plugins/com.st.stm32cube.ide.mcu.externaltools.gnu-tools-for-stm32.13.3.rel1.win32_1.0.0.202411081344/tools/bin/../lib/gcc/arm-none-eabi/13.3.1/../../../../arm-none-eabi/lib/thumb/v7-m/nofp\libc_nano.a(libc_a-memcpy-stub.o)
 .ARM.attributes
                0x000002e1       0x17 C:/ST/STM32CubeIDE_1.19.0/STM32CubeIDE/plugins/com.st.stm32cube.ide.mcu.externaltools.gnu-tools-for-stm32.13.3.rel1.win32_1.0.0.202411081344/tools/bin/../lib/gcc/arm-none-eabi/13.3.1/../../../../arm-none-eabi/lib/thumb/v7-m/nofp\libc_nano.a(libc_a-strlen.o)
 .ARM.attributes
                0x000002f8       0x1d C:/ST/STM32CubeIDE_1.19.0/STM32CubeIDE/plugins/com.st.stm32cube.ide.mcu.externaltools.gnu-tools-for-stm32.13.3.rel1.win32_1.0.0.202411081344/tools/bin/../lib/gcc/arm-none-eabi/13.3.1/thumb/v7-m/nofp/crtn.o
OUTPUT(LCD_NOKIA_5110.elf elf32-littlearm)
LOAD linker stubs
LOAD C:/ST/STM32CubeIDE_1.19.0/STM32CubeIDE/plugins/com.st.stm32cube.ide.mcu.externaltools.gnu-tools-for-stm32.13.3.rel1.win32_1.0.0.202411081344/tools/bin/../lib/gcc/arm-none-eabi/13.3.1/../../../../arm-none-eabi/lib/thumb/v7-m/nofp\libc.a
LOAD C:/ST/STM32CubeIDE_1.19.0/STM32CubeIDE/plugins/com.st.stm32cube.ide.mcu.externaltools.gnu-tools-for-stm32.13.3.rel1.win32_1.0.0.202411081344/tools/bin/../lib/gcc/arm-none-eabi/13.3.1/../../../../arm-none-eabi/lib/thumb/v7-m/nofp\libm.a
LOAD C:/ST/STM32CubeIDE_1.19.0/STM32CubeIDE/plugins/com.st.stm32cube.ide.mcu.externaltools.gnu-tools-for-stm32.13.3.rel1.win32_1.0.0.202411081344/tools/bin/../lib/gcc/arm-none-eabi/13.3.1/thumb/v7-m/nofp\libgcc.a

.debug_info     0x00000000     0x6298
 .debug_info    0x00000000      0xdae ./Core/Src/lcd_pcd8544.o
 .debug_info    0x00000dae      0xb2e ./Core/Src/lcd_pcd8544_ll.o
 .debug_info    0x000018dc      0xb00 ./Core/Src/main.o
 .debug_info    0x000023dc      0x81f ./Core/Src/stm32f1xx_hal_msp.o
 .debug_info    0x00002bfb      0x113 ./Core/Src/stm32f1xx_it.o
 .debug_info    0x00002d0e      0x222 ./Core/Src/system_stm32f1xx.o
 .debug_info    0x00002f30       0x30 ./Core/Startup/startup_stm32f103c8tx.o
 .debug_info    0x00002f60      0x704 ./Drivers/STM32F1xx_HAL_Driver/Src/stm32f1xx_hal.o
 .debug_info    0x00003664      0xa87 ./Drivers/STM32F1xx_HAL_Driver/Src/stm32f1xx_hal_cortex.o
 .debug_info    0x000040eb      0x5ab ./Drivers/STM32F1xx_HAL_Driver/Src/stm32f1xx_hal_gpio.o
 .debug_info    0x00004696      0x7d5 ./Drivers/STM32F1xx_HAL_Driver/Src/stm32f1xx_hal_rcc.o
 .debug_info    0x00004e6b     0x142d ./Drivers/STM32F1xx_HAL_Driver/Src/stm32f1xx_hal_spi.o

.debug_abbrev   0x00000000     0x1626
 .debug_abbrev  0x00000000      0x244 ./Core/Src/lcd_pcd8544.o
 .debug_abbrev  0x00000244      0x1f2 ./Core/Src/lcd_pcd8544_ll.o
 .debug_abbrev  0x00000436      0x27e ./Core/Src/main.o
 .debug_abbrev  0x000006b4      0x1ac ./Core/Src/stm32f1xx_hal_msp.o
 .debug_abbrev  0x00000860       0x73 ./Core/Src/stm32f1xx_it.o
 .debug_abbrev  0x000008d3      0x13f ./Core/Src/system_stm32f1xx.o
 .debug_abbrev  0x00000a12       0x24 ./Core/Startup/startup_stm32f103c8tx.o
 .debug_abbrev  0x00000a36      0x201 ./Drivers/STM32F1xx_HAL_Driver/Src/stm32f1xx_hal.o
 .debug_abbrev  0x00000c37      0x2f8 ./Drivers/STM32F1xx_HAL_Driver/Src/stm32f1xx_hal_cortex.o
 .debug_abbrev  0x00000f2f      0x1ca ./Drivers/STM32F1xx_HAL_Driver/Src/stm32f1xx_hal_gpio.o
 .debug_abbrev  0x000010f9      0x2b3 ./Drivers/STM32F1xx_HAL_Driver/Src/stm32f1xx_hal_rcc.o
 .debug_abbrev  0x000013ac      0x27a ./Drivers/STM32F1xx_HAL_Driver/Src/stm32f1xx_hal_spi.o

.debug_aranges  0x00000000      0x6b8
 .debug_aranges
                0x00000000       0x68 ./Core/Src/lcd_pcd8544.o
 .debug_aranges
                0x00000068       0x98 ./Core/Src/lcd_pcd8544_ll.o
 .debug_aranges
                0x00000100       0x40 ./Core/Src/main.o
 .debug_aranges
                0x00000140       0x30 ./Core/Src/stm32f1xx_hal_msp.o
 .debug_aranges
                0x00000170       0x60 ./Core/Src/stm32f1xx_it.o
 .debug_aranges
                0x000001d0       0x28 ./Core/Src/system_stm32f1xx.o
 .debug_aranges
                0x000001f8       0x28 ./Core/Startup/startup_stm32f103c8tx.o
 .debug_aranges
                0x00000220       0xe0 ./Drivers/STM32F1xx_HAL_Driver/Src/stm32f1xx_hal.o
 .debug_aranges
                0x00000300      0x100 ./Drivers/STM32F1xx_HAL_Driver/Src/stm32f1xx_hal_cortex.o
 .debug_aranges
                0x00000400       0x58 ./Drivers/STM32F1xx_HAL_Driver/Src/stm32f1xx_hal_gpio.o
 .debug_aranges
                0x00000458       0x90 ./Drivers/STM32F1xx_HAL_Driver/Src/stm32f1xx_hal_rcc.o
 .debug_aranges
                0x000004e8      0x1d0 ./Drivers/STM32F1xx_HAL_Driver/Src/stm32f1xx_hal_spi.o

.debug_rnglists
                0x00000000      0x4f5
 .debug_rnglists
                0x00000000       0x4e ./Core/Src/lcd_pcd8544.o
 .debug_rnglists
                0x0000004e       0x6d ./Core/Src/lcd_pcd8544_ll.o
 .debug_rnglists
                0x000000bb       0x2d ./Core/Src/main.o
 .debug_rnglists
                0x000000e8       0x20 ./Core/Src/stm32f1xx_hal_msp.o
 .debug_rnglists
                0x00000108       0x43 ./Core/Src/stm32f1xx_it.o
 .debug_rnglists
                0x0000014b       0x1a ./Core/Src/system_stm32f1xx.o
 .debug_rnglists
                0x00000165       0x19 ./Core/Startup/startup_stm32f103c8tx.o
 .debug_rnglists
                0x0000017e       0xa3 ./Drivers/STM32F1xx_HAL_Driver/Src/stm32f1xx_hal.o
 .debug_rnglists
                0x00000221       0xbb ./Drivers/STM32F1xx_HAL_Driver/Src/stm32f1xx_hal_cortex.o
 .debug_rnglists
                0x000002dc       0x3f ./Drivers/STM32F1xx_HAL_Driver/Src/stm32f1xx_hal_gpio.o
 .debug_rnglists
                0x0000031b       0x6c ./Drivers/STM32F1xx_HAL_Driver/Src/stm32f1xx_hal_rcc.o
 .debug_rnglists
                0x00000387      0x16e ./Drivers/STM32F1xx_HAL_Driver/Src/stm32f1xx_hal_spi.o

.debug_macro    0x00000000    0x16b00
 .debug_macro   0x00000000      0x285 ./Core/Src/lcd_pcd8544.o
 .debug_macro   0x00000285      0xacc ./Core/Src/lcd_pcd8544.o
 .debug_macro   0x00000d51      0x215 ./Core/Src/lcd_pcd8544.o
 .debug_macro   0x00000f66       0x2e ./Core/Src/lcd_pcd8544.o
 .debug_macro   0x00000f94       0x22 ./Core/Src/lcd_pcd8544.o
 .debug_macro   0x00000fb6       0x22 ./Core/Src/lcd_pcd8544.o
 .debug_macro   0x00000fd8       0x8e ./Core/Src/lcd_pcd8544.o
 .debug_macro   0x00001066       0x51 ./Core/Src/lcd_pcd8544.o
 .debug_macro   0x000010b7      0x103 ./Core/Src/lcd_pcd8544.o
 .debug_macro   0x000011ba       0x6a ./Core/Src/lcd_pcd8544.o
 .debug_macro   0x00001224      0x1df ./Core/Src/lcd_pcd8544.o
 .debug_macro   0x00001403       0x1c ./Core/Src/lcd_pcd8544.o
 .debug_macro   0x0000141f       0x22 ./Core/Src/lcd_pcd8544.o
 .debug_macro   0x00001441       0xbd ./Core/Src/lcd_pcd8544.o
 .debug_macro   0x000014fe      0xd23 ./Core/Src/lcd_pcd8544.o
 .debug_macro   0x00002221     0xe09e ./Core/Src/lcd_pcd8544.o
 .debug_macro   0x000102bf       0x6d ./Core/Src/lcd_pcd8544.o
 .debug_macro   0x0001032c     0x34a2 ./Core/Src/lcd_pcd8544.o
 .debug_macro   0x000137ce      0x190 ./Core/Src/lcd_pcd8544.o
 .debug_macro   0x0001395e       0x5c ./Core/Src/lcd_pcd8544.o
 .debug_macro   0x000139ba      0x5bc ./Core/Src/lcd_pcd8544.o
 .debug_macro   0x00013f76      0x289 ./Core/Src/lcd_pcd8544.o
 .debug_macro   0x000141ff      0x1cb ./Core/Src/lcd_pcd8544.o
 .debug_macro   0x000143ca      0x114 ./Core/Src/lcd_pcd8544.o
 .debug_macro   0x000144de      0x1b2 ./Core/Src/lcd_pcd8544.o
 .debug_macro   0x00014690       0x27 ./Core/Src/lcd_pcd8544.o
 .debug_macro   0x000146b7      0x136 ./Core/Src/lcd_pcd8544.o
 .debug_macro   0x000147ed      0x1bc ./Core/Src/lcd_pcd8544.o
 .debug_macro   0x000149a9       0x34 ./Core/Src/lcd_pcd8544.o
 .debug_macro   0x000149dd       0x3c ./Core/Src/lcd_pcd8544.o
 .debug_macro   0x00014a19       0x57 ./Core/Src/lcd_pcd8544.o
 .debug_macro   0x00014a70       0x87 ./Core/Src/lcd_pcd8544.o
 .debug_macro   0x00014af7      0x240 ./Core/Src/lcd_pcd8544.o
 .debug_macro   0x00014d37      0x140 ./Core/Src/lcd_pcd8544.o
 .debug_macro   0x00014e77      0x217 ./Core/Src/lcd_pcd8544.o
 .debug_macro   0x0001508e       0x83 ./Core/Src/lcd_pcd8544.o
 .debug_macro   0x00015111       0x1c ./Core/Src/lcd_pcd8544.o
 .debug_macro   0x0001512d       0x61 ./Core/Src/lcd_pcd8544.o
 .debug_macro   0x0001518e       0x24 ./Core/Src/lcd_pcd8544.o
 .debug_macro   0x000151b2       0x43 ./Core/Src/lcd_pcd8544.o
 .debug_macro   0x000151f5       0x34 ./Core/Src/lcd_pcd8544.o
 .debug_macro   0x00015229      0x370 ./Core/Src/lcd_pcd8544.o
 .debug_macro   0x00015599       0x16 ./Core/Src/lcd_pcd8544.o
 .debug_macro   0x000155af       0x4a ./Core/Src/lcd_pcd8544.o
 .debug_macro   0x000155f9       0x34 ./Core/Src/lcd_pcd8544.o
 .debug_macro   0x0001562d       0x10 ./Core/Src/lcd_pcd8544.o
 .debug_macro   0x0001563d       0x58 ./Core/Src/lcd_pcd8544.o
 .debug_macro   0x00015695       0x8e ./Core/Src/lcd_pcd8544.o
 .debug_macro   0x00015723       0x1c ./Core/Src/lcd_pcd8544.o
 .debug_macro   0x0001573f      0x185 ./Core/Src/lcd_pcd8544.o
 .debug_macro   0x000158c4       0x10 ./Core/Src/lcd_pcd8544.o
 .debug_macro   0x000158d4       0x3c ./Core/Src/lcd_pcd8544.o
 .debug_macro   0x00015910       0x20 ./Core/Src/lcd_pcd8544.o
 .debug_macro   0x00015930      0x19d ./Core/Src/lcd_pcd8544_ll.o
 .debug_macro   0x00015acd      0x284 ./Core/Src/main.o
 .debug_macro   0x00015d51       0x4c ./Core/Src/main.o
 .debug_macro   0x00015d9d       0x22 ./Core/Src/main.o
 .debug_macro   0x00015dbf      0x19d ./Core/Src/stm32f1xx_hal_msp.o
 .debug_macro   0x00015f5c      0x1a7 ./Core/Src/stm32f1xx_it.o
 .debug_macro   0x00016103      0x18e ./Core/Src/system_stm32f1xx.o
 .debug_macro   0x00016291      0x1b2 ./Drivers/STM32F1xx_HAL_Driver/Src/stm32f1xx_hal.o
 .debug_macro   0x00016443      0x18e ./Drivers/STM32F1xx_HAL_Driver/Src/stm32f1xx_hal_cortex.o
 .debug_macro   0x000165d1      0x1f9 ./Drivers/STM32F1xx_HAL_Driver/Src/stm32f1xx_hal_gpio.o
 .debug_macro   0x000167ca      0x1a0 ./Drivers/STM32F1xx_HAL_Driver/Src/stm32f1xx_hal_rcc.o
 .debug_macro   0x0001696a      0x196 ./Drivers/STM32F1xx_HAL_Driver/Src/stm32f1xx_hal_spi.o

.debug_line     0x00000000     0x7be4
 .debug_line    0x00000000      0xab8 ./Core/Src/lcd_pcd8544.o
 .debug_line    0x00000ab8      0x895 ./Core/Src/lcd_pcd8544_ll.o
 .debug_line    0x0000134d      0x966 ./Core/Src/main.o
 .debug_line    0x00001cb3      0x71e ./Core/Src/stm32f1xx_hal_msp.o
 .debug_line    0x000023d1      0x779 ./Core/Src/stm32f1xx_it.o
 .debug_line    0x00002b4a      0x749 ./Core/Src/system_stm32f1xx.o
 .debug_line    0x00003293       0x78 ./Core/Startup/startup_stm32f103c8tx.o
 .debug_line    0x0000330b      0x97a ./Drivers/STM32F1xx_HAL_Driver/Src/stm32f1xx_hal.o
 .debug_line    0x00003c85      0xb44 ./Drivers/STM32F1xx_HAL_Driver/Src/stm32f1xx_hal_cortex.o
 .debug_line    0x000047c9      0x9d7 ./Drivers/STM32F1xx_HAL_Driver/Src/stm32f1xx_hal_gpio.o
 .debug_line    0x000051a0      0xe33 ./Drivers/STM32F1xx_HAL_Driver/Src/stm32f1xx_hal_rcc.o
 .debug_line    0x00005fd3     0x1c11 ./Drivers/STM32F1xx_HAL_Driver/Src/stm32f1xx_hal_spi.o

.debug_str      0x00000000    0x81212
 .debug_str     0x00000000    0x81212 ./Core/Src/lcd_pcd8544.o
                              0x7fc33 (size before relaxing)
 .debug_str     0x00081212    0x7c993 ./Core/Src/lcd_pcd8544_ll.o
 .debug_str     0x00081212    0x7fcd4 ./Core/Src/main.o
 .debug_str     0x00081212    0x7c78f ./Core/Src/stm32f1xx_hal_msp.o
 .debug_str     0x00081212    0x7c349 ./Core/Src/stm32f1xx_it.o
 .debug_str     0x00081212    0x7c255 ./Core/Src/system_stm32f1xx.o
 .debug_str     0x00081212       0x86 ./Core/Startup/startup_stm32f103c8tx.o
 .debug_str     0x00081212    0x7c988 ./Drivers/STM32F1xx_HAL_Driver/Src/stm32f1xx_hal.o
 .debug_str     0x00081212    0x7c8d4 ./Drivers/STM32F1xx_HAL_Driver/Src/stm32f1xx_hal_cortex.o
 .debug_str     0x00081212    0x7c5db ./Drivers/STM32F1xx_HAL_Driver/Src/stm32f1xx_hal_gpio.o
 .debug_str     0x00081212    0x7c684 ./Drivers/STM32F1xx_HAL_Driver/Src/stm32f1xx_hal_rcc.o
 .debug_str     0x00081212    0x7cb7b ./Drivers/STM32F1xx_HAL_Driver/Src/stm32f1xx_hal_spi.o

.comment        0x00000000       0x43
 .comment       0x00000000       0x43 ./Core/Src/lcd_pcd8544.o
                                 0x44 (size before relaxing)
 .comment       0x00000043       0x44 ./Core/Src/lcd_pcd8544_ll.o
 .comment       0x00000043       0x44 ./Core/Src/main.o
 .comment       0x00000043       0x44 ./Core/Src/stm32f1xx_hal_msp.o
 .comment       0x00000043       0x44 ./Core/Src/stm32f1xx_it.o
 .comment       0x00000043       0x44 ./Core/Src/system_stm32f1xx.o
 .comment       0x00000043       0x44 ./Drivers/STM32F1xx_HAL_Driver/Src/stm32f1xx_hal.o
 .comment       0x00000043       0x44 ./Drivers/STM32F1xx_HAL_Driver/Src/stm32f1xx_hal_cortex.o
 .comment       0x00000043       0x44 ./Drivers/STM32F1xx_HAL_Driver/Src/stm32f1xx_hal_gpio.o
 .comment       0x00000043       0x44 ./Drivers/STM32F1xx_HAL_Driver/Src/stm32f1xx_hal_rcc.o
 .comment       0x00000043       0x44 ./Drivers/STM32F1xx_HAL_Driver/Src/stm32f1xx_hal_spi.o

.debug_frame    0x00000000     0x19b0
 .debug_frame   0x00000000      0x184 ./Core/Src/lcd_pcd8544.o
 .debug_frame   0x00000184      0x250 ./Core/Src/lcd_pcd8544_ll.o
 .debug_frame   0x000003d4       0xa8 ./Core/Src/main.o
 .debug_frame   0x0000047c       0x80 ./Core/Src/stm32f1xx_hal_msp.o
 .debug_frame   0x000004fc      0x104 ./Core/Src/stm32f1xx_it.o
 .debug_frame   0x00000600       0x58 ./Core/Src/system_stm32f1xx.o
 .debug_frame   0x00000658      0x334 ./Drivers/STM32F1xx_HAL_Driver/Src/stm32f1xx_hal.o
 .debug_frame   0x0000098c      0x428 ./Drivers/STM32F1xx_HAL_Driver/Src/stm32f1xx_hal_cortex.o
 .debug_frame   0x00000db4      0x14c ./Drivers/STM32F1xx_HAL_Driver/Src/stm32f1xx_hal_gpio.o
 .debug_frame   0x00000f00      0x218 ./Drivers/STM32F1xx_HAL_Driver/Src/stm32f1xx_hal_rcc.o
 .debug_frame   0x00001118      0x824 ./Drivers/STM32F1xx_HAL_Driver/Src/stm32f1xx_hal_spi.o
 .debug_frame   0x0000193c       0x20 C:/ST/STM32CubeIDE_1.19.0/STM32CubeIDE/plugins/com.st.stm32cube.ide.mcu.externaltools.gnu-tools-for-stm32.13.3.rel1.win32_1.0.0.202411081344/tools/bin/../lib/gcc/arm-none-eabi/13.3.1/../../../../arm-none-eabi/lib/thumb/v7-m/nofp\libc_nano.a(libc_a-memset.o)
 .debug_frame   0x0000195c       0x2c C:/ST/STM32CubeIDE_1.19.0/STM32CubeIDE/plugins/com.st.stm32cube.ide.mcu.externaltools.gnu-tools-for-stm32.13.3.rel1.win32_1.0.0.202411081344/tools/bin/../lib/gcc/arm-none-eabi/13.3.1/../../../../arm-none-eabi/lib/thumb/v7-m/nofp\libc_nano.a(libc_a-init.o)
 .debug_frame   0x00001988       0x28 C:/ST/STM32CubeIDE_1.19.0/STM32CubeIDE/plugins/com.st.stm32cube.ide.mcu.externaltools.gnu-tools-for-stm32.13.3.rel1.win32_1.0.0.202411081344/tools/bin/../lib/gcc/arm-none-eabi/13.3.1/../../../../arm-none-eabi/lib/thumb/v7-m/nofp\libc_nano.a(libc_a-memcpy-stub.o)

.debug_line_str
                0x00000000       0x6a
 .debug_line_str
                0x00000000       0x6a ./Core/Startup/startup_stm32f103c8tx.o
